
> plot@0.1.0 build
> prisma generate && next build

Environment variables loaded from .env
Prisma schema loaded from prisma\schema.prisma

Γ£ö Generated Prisma Client (v5.22.0) to .\node_modules\@prisma\client in 131ms

Start by importing your Prisma Client (See: https://pris.ly/d/importing-client)

Tip: Want to turn off tips and other hints? https://pris.ly/tip-4-nohints

Γû▓ Next.js 16.1.6 (Turbopack)
- Environments: .env

  Creating an optimized production build ...
node.exe : 
At line:1 char:1
+ & "C:\Program 
Files\nodejs/node.exe" 
"C:\Program 
Files\nodejs/node_mo 
...
+ ~~~~~~~~~~~~~~~~~~~~~
~~~~~~~~~~~~~~~~~~~~~~~
~~~~~~~~~~~~~~~~~~~~~~~
~~
    + CategoryInfo     
         : NotSpecifi  
  ed: (:String) [],    
 RemoteException
    + FullyQualifiedEr 
   rorId : NativeComm  
  andError
 
> Build error occurred
Error: Turbopack build 
failed with 2 errors:
./src/components/tools/
OtherToolsMenu.tsx:4:1
Module not found: 
Can't resolve 
'framer-motion'
[0m [90m 2 |[39m
 [90m 3 |[39m 
[36mimport[39m { 
useUIStore } 
[36mfrom[39m [32m"@/
store/uiStore"[39m[33
m;[39m
[31m[1m>[22m[39m[9
0m 4 |[39m 
[36mimport[39m { 
motion[33m,[39m [33m
AnimatePresence[39m } 
[36mfrom[39m [32m"fr
amer-motion"[39m[33m;
[39m
 [90m   |[39m [31m[
1m^[22m[39m[31m[1m^
[22m[39m[31m[1m^[2
2m[39m[31m[1m^[22m
[39m[31m[1m^[22m[39
m[31m[1m^[22m[39m[
31m[1m^[22m[39m[31m
[1m^[22m[39m[31m[1
m^[22m[39m[31m[1m^
[22m[39m[31m[1m^[22
m[39m[31m[1m^[22m[
39m[31m[1m^[22m[39m
[31m[1m^[22m[39m[3
1m[1m^[22m[39m[31m
[1m^[22m[39m[31m[1m
^[22m[39m[31m[1m^[
22m[39m[31m[1m^[22m
[39m[31m[1m^[22m[3
9m[31m[1m^[22m[39m
[31m[1m^[22m[39m[31
m[1m^[22m[39m[31m[
1m^[22m[39m[31m[1m^
[22m[39m[31m[1m^[2
2m[39m[31m[1m^[22m
[39m[31m[1m^[22m[39
m[31m[1m^[22m[39m[
31m[1m^[22m[39m[31m
[1m^[22m[39m[31m[1
m^[22m[39m[31m[1m^
[22m[39m[31m[1m^[22
m[39m[31m[1m^[22m[
39m[31m[1m^[22m[39m
[31m[1m^[22m[39m[3
1m[1m^[22m[39m[31m
[1m^[22m[39m[31m[1m
^[22m[39m[31m[1m^[
22m[39m[31m[1m^[22m
[39m[31m[1m^[22m[3
9m[31m[1m^[22m[39m
[31m[1m^[22m[39m[31
m[1m^[22m[39m[31m[
1m^[22m[39m[31m[1m^
[22m[39m[31m[1m^[2
2m[39m[31m[1m^[22m
[39m[31m[1m^[22m[39
m[31m[1m^[22m[39m[
31m[1m^[22m[39m[31m
[1m^[22m[39m[31m[1
m^[22m[39m[31m[1m^
[22m[39m
 [90m 5 |[39m 
[36mimport[39m { 
useState } 
[36mfrom[39m [32m"re
act"[39m[33m;[39m
 [90m 6 |[39m
 [90m 7 |[39m 
[36mexport[39m 
[36mdefault[39m 
[36mfunction[39m [33
mOtherToolsMenu[39m() 
{[0m



Import traces:
  Client Component 
Browser:
    ./src/components/to
ols/OtherToolsMenu.tsx 
[Client Component 
Browser]
    ./src/app/workspace
/page.tsx [Client 
Component Browser]
    ./src/app/workspace
/page.tsx [Server 
Component]

  Client Component SSR:
    ./src/components/to
ols/OtherToolsMenu.tsx 
[Client Component SSR]
    ./src/app/workspace
/page.tsx [Client 
Component SSR]
    ./src/app/workspace
/page.tsx [Server 
Component]

https://nextjs.org/docs
/messages/module-not-fo
und


./src/components/tools/
ToolExecutionStream.tsx
:5:1
Module not found: 
Can't resolve 
'framer-motion'
[0m [90m 3 |[39m 
[36mimport[39m { 
useEffect[33m,[39m 
useState } 
[36mfrom[39m [32m"re
act"[39m[33m;[39m
 [90m 4 |[39m 
[36mimport[39m { 
useUIStore } 
[36mfrom[39m [32m"@/
store/uiStore"[39m[33
m;[39m
[31m[1m>[22m[39m[9
0m 5 |[39m 
[36mimport[39m { 
motion[33m,[39m [33m
AnimatePresence[39m } 
[36mfrom[39m [32m"fr
amer-motion"[39m[33m;
[39m
 [90m   |[39m [31m[
1m^[22m[39m[31m[1m^
[22m[39m[31m[1m^[2
2m[39m[31m[1m^[22m
[39m[31m[1m^[22m[39
m[31m[1m^[22m[39m[
31m[1m^[22m[39m[31m
[1m^[22m[39m[31m[1
m^[22m[39m[31m[1m^
[22m[39m[31m[1m^[22
m[39m[31m[1m^[22m[
39m[31m[1m^[22m[39m
[31m[1m^[22m[39m[3
1m[1m^[22m[39m[31m
[1m^[22m[39m[31m[1m
^[22m[39m[31m[1m^[
22m[39m[31m[1m^[22m
[39m[31m[1m^[22m[3
9m[31m[1m^[22m[39m
[31m[1m^[22m[39m[31
m[1m^[22m[39m[31m[
1m^[22m[39m[31m[1m^
[22m[39m[31m[1m^[2
2m[39m[31m[1m^[22m
[39m[31m[1m^[22m[39
m[31m[1m^[22m[39m[
31m[1m^[22m[39m[31m
[1m^[22m[39m[31m[1
m^[22m[39m[31m[1m^
[22m[39m[31m[1m^[22
m[39m[31m[1m^[22m[
39m[31m[1m^[22m[39m
[31m[1m^[22m[39m[3
1m[1m^[22m[39m[31m
[1m^[22m[39m[31m[1m
^[22m[39m[31m[1m^[
22m[39m[31m[1m^[22m
[39m[31m[1m^[22m[3
9m[31m[1m^[22m[39m
[31m[1m^[22m[39m[31
m[1m^[22m[39m[31m[
1m^[22m[39m[31m[1m^
[22m[39m[31m[1m^[2
2m[39m[31m[1m^[22m
[39m[31m[1m^[22m[39
m[31m[1m^[22m[39m[
31m[1m^[22m[39m[31m
[1m^[22m[39m[31m[1
m^[22m[39m[31m[1m^
[22m[39m
 [90m 6 |[39m
 [90m 7 |[39m 
[36mexport[39m 
[36mdefault[39m 
[36mfunction[39m [33
mToolExecutionStream[3
9m() {
 [90m 8 |[39m     
[36mconst[39m {[0m



Import traces:
  Client Component 
Browser:
    ./src/components/to
ols/ToolExecutionStream
.tsx [Client Component 
Browser]
    ./src/app/workspace
/page.tsx [Client 
Component Browser]
    ./src/app/workspace
/page.tsx [Server 
Component]

  Client Component SSR:
    ./src/components/to
ols/ToolExecutionStream
.tsx [Client Component 
SSR]
    ./src/app/workspace
/page.tsx [Client 
Component SSR]
    ./src/app/workspace
/page.tsx [Server 
Component]

https://nextjs.org/docs
/messages/module-not-fo
und


    at <unknown> (./src
/components/tools/Other
ToolsMenu.tsx:4:1)
    at <unknown> (https
://nextjs.org/docs/mess
ages/module-not-found)
    at <unknown> (./src
/components/tools/ToolE
xecutionStream.tsx:5:1)
    at <unknown> (https
://nextjs.org/docs/mess
ages/module-not-found)
